// Jest Snapshot v1, https://goo.gl/fbAQLP

exports[`generateXML should return an xml string 1`] = `"<?xml version=\\"1.0\\" encoding=\\"UTF-8\\"?><urlset xmlns:xsi=\\"http://www.w3.org/2001/XMLSchema-instance\\" xmlns:image=\\"http://www.google.com/schemas/sitemap-image/1.1\\" xsi:schemaLocation=\\"http://www.sitemaps.org/schemas/sitemap/0.9 http://www.sitemaps.org/schemas/sitemap/0.9/sitemap.xsd http://www.google.com/schemas/sitemap-image/1.1 http://www.google.com/schemas/sitemap-image/1.1/sitemap-image.xsd\\" xmlns=\\"http://www.sitemaps.org/schemas/sitemap/0.9\\"><url><loc>/blog/path/to/somewhere/</loc></url></urlset>"`;

exports[`generateXML should use encoding for XML-values 1`] = `"<?xml version=\\"1.0\\" encoding=\\"UTF-8\\"?><urlset xmlns:xsi=\\"http://www.w3.org/2001/XMLSchema-instance\\" xmlns:image=\\"http://www.google.com/schemas/sitemap-image/1.1\\" xsi:schemaLocation=\\"http://www.sitemaps.org/schemas/sitemap/0.9 http://www.sitemaps.org/schemas/sitemap/0.9/sitemap.xsd http://www.google.com/schemas/sitemap-image/1.1 http://www.google.com/schemas/sitemap-image/1.1/sitemap-image.xsd\\" xmlns=\\"http://www.sitemaps.org/schemas/sitemap/0.9\\"><url><loc>/this-&amp;-that/&quot;官话&quot;-is-chinese-&apos;ру́сский язы́к&apos;-is-russian/</loc></url></urlset>"`;

exports[`generateXML should utilize custom sitemap properties 1`] = `"<?xml version=\\"1.0\\" encoding=\\"UTF-8\\"?><urlset xmlns:xsi=\\"http://www.w3.org/2001/XMLSchema-instance\\" xmlns:image=\\"http://www.google.com/schemas/sitemap-image/1.1\\" xsi:schemaLocation=\\"http://www.sitemaps.org/schemas/sitemap/0.9 http://www.sitemaps.org/schemas/sitemap/0.9/sitemap.xsd http://www.google.com/schemas/sitemap-image/1.1 http://www.google.com/schemas/sitemap-image/1.1/sitemap-image.xsd\\" xmlns=\\"http://www.sitemaps.org/schemas/sitemap/0.9\\"><url><loc>/blog/path/to/somewhere/</loc><lastmod>10/10/2010</lastmod><priority>0.5</priority><image:image><image:loc>https://raw.githubusercontent.com/react-static/react-static/master/media/react-static-logo-2x.png</image:loc><image:caption>React Static</image:caption></image:image></url></urlset>"`;
